<span class="fold-block hide-when-folded">public class Test {

}
</span>